shashwat@kumud-virtual-machine:~$ redis.cli
127.0.0.1:6379> key *
(error) ERR unknown command 'key', with args beginning with: '*' 
127.0.0.1:6379> keys *
 1) "student1"
 2) "str1"
 3) "num7"
 4) "num3"
 5) "num2"
 6) "name"
 7) "num4"
 8) "num1"
 9) "myset1"
10) "myset2"
11) "num5"
12) "name1"
13) "name2"
14) "name3"
15) "myset4"
16) "num6"
17) "student2"
18) "student3"
19) "student4"
127.0.0.1:6379> get num5
(error) WRONGTYPE Operation against a key holding the wrong kind of value
127.0.0.1:6379> getall num5
(error) ERR unknown command 'getall', with args beginning with: 'num5' 
127.0.0.1:6379> lrange num5 0 -1
1) "78"
2) "78"
3) "21"
4) "[1,2,3,4,5,6,66]"
127.0.0.1:6379> 
127.0.0.1:6379> 
127.0.0.1:6379> lpush num5 12
(integer) 5
127.0.0.1:6379> lpush num5 14
(integer) 6
127.0.0.1:6379> lpush num5 21
(integer) 7
127.0.0.1:6379>  lrange num5 0 -1
1) "21"
2) "14"
3) "12"
4) "78"
5) "78"
6) "21"
7) "[1,2,3,4,5,6,66]"
127.0.0.1:6379> 
127.0.0.1:6379> 
127.0.0.1:6379> rpush num5 22
(integer) 8
127.0.0.1:6379> rpush num5 23
(integer) 9
127.0.0.1:6379> rpush num5 24
(integer) 10
127.0.0.1:6379> rpush num5 25
(integer) 11
127.0.0.1:6379> 
127.0.0.1:6379> 
127.0.0.1:6379> lrange num5 0 -1
 1) "21"
 2) "14"
 3) "12"
 4) "78"
 5) "78"
 6) "21"
 7) "[1,2,3,4,5,6,66]"
 8) "22"
 9) "23"
10) "24"
11) "25"
127.0.0.1:6379> rpop num5
"25"
127.0.0.1:6379> lpop num5
"21"
127.0.0.1:6379> 
127.0.0.1:6379> 
127.0.0.1:6379> lrange num5
(error) ERR wrong number of arguments for 'lrange' command
127.0.0.1:6379> 
127.0.0.1:6379> 
127.0.0.1:6379> 
127.0.0.1:6379> 
127.0.0.1:6379> lrange num5 0 -1
1) "14"
2) "12"
3) "78"
4) "78"
5) "21"
6) "[1,2,3,4,5,6,66]"
7) "22"
8) "23"
9) "24"
127.0.0.1:6379> lrange num5 0 1
1) "14"
2) "12"
127.0.0.1:6379> lrange num5 0 5
1) "14"
2) "12"
3) "78"
4) "78"
5) "21"
6) "[1,2,3,4,5,6,66]"
127.0.0.1:6379> 
127.0.0.1:6379> 
127.0.0.1:6379> 
127.0.0.1:6379> 
127.0.0.1:6379> clear

127.0.0.1:6379> lrange num5 0 -1
1) "14"
2) "12"
3) "78"
4) "78"
5) "21"
6) "[1,2,3,4,5,6,66]"
7) "22"
8) "23"
9) "24"
127.0.0.1:6379> 
127.0.0.1:6379> 
127.0.0.1:6379> lindex num5 78
(nil)
127.0.0.1:6379> lindex num5 2
"78"
127.0.0.1:6379> lindex num5 5
"[1,2,3,4,5,6,66]"
127.0.0.1:6379> 
127.0.0.1:6379> 
127.0.0.1:6379> 
127.0.0.1:6379> lset num5 0 0
OK
127.0.0.1:6379> lrange num5 0 2
1) "0"
2) "12"
3) "78"
127.0.0.1:6379> 
127.0.0.1:6379> 
127.0.0.1:6379>  hget num5
(error) ERR wrong number of arguments for 'hget' command
127.0.0.1:6379> 
127.0.0.1:6379> 
127.0.0.1:6379> 
127.0.0.1:6379> 
127.0.0.1:6379> 
127.0.0.1:6379> lrange num5 0 -1
1) "0"
2) "12"
3) "78"
4) "78"
5) "21"
6) "[1,2,3,4,5,6,66]"
7) "22"
8) "23"
9) "24"
127.0.0.1:6379> 
127.0.0.1:6379> 
127.0.0.1:6379> lpushx num5 12
(integer) 10
127.0.0.1:6379> lrange num5 0 -1
 1) "12"
 2) "0"
 3) "12"
 4) "78"
 5) "78"
 6) "21"
 7) "[1,2,3,4,5,6,66]"
 8) "22"
 9) "23"
10) "24"
127.0.0.1:6379> lpushx num5 12
(integer) 11
127.0.0.1:6379> lpushx num5 25
(integer) 12
127.0.0.1:6379> lrange num5 0 -1
 1) "25"
 2) "12"
 3) "12"
 4) "0"
 5) "12"
 6) "78"
 7) "78"
 8) "21"
 9) "[1,2,3,4,5,6,66]"
10) "22"
11) "23"
12) "24"
127.0.0.1:6379>  linsert num5 before 0 221
(integer) 13
127.0.0.1:6379> lrange num5 0 -1
 1) "25"
 2) "12"
 3) "12"
 4) "221"
 5) "0"
 6) "12"
 7) "78"
 8) "78"
 9) "21"
10) "[1,2,3,4,5,6,66]"
11) "22"
12) "23"
13) "24"
127.0.0.1:6379>  linsert num5 after 0 221
(integer) 14
127.0.0.1:6379> lrange num5 0 -1
 1) "25"
 2) "12"
 3) "12"
 4) "221"
 5) "0"
 6) "221"
 7) "12"
 8) "78"
 9) "78"
10) "21"
11) "[1,2,3,4,5,6,66]"
12) "22"
13) "23"
14) "24"
127.0.0.1:6379> 
127.0.0.1:6379> 
127.0.0.1:6379> 
127.0.0.1:6379> 
127.0.0.1:6379> 
127.0.0.1:6379> 
127.0.0.1:6379> 
127.0.0.1:6379> 
127.0.0.1:6379> 
127.0.0.1:6379> 
127.0.0.1:6379> 
127.0.0.1:6379> 
127.0.0.1:6379> 
127.0.0.1:6379> 
127.0.0.1:6379> 
127.0.0.1:6379> 
127.0.0.1:6379> 
127.0.0.1:6379> 
127.0.0.1:6379> 
127.0.0.1:6379> 
127.0.0.1:6379> 
127.0.0.1:6379> 
127.0.0.1:6379> 
127.0.0.1:6379> clear

127.0.0.1:6379> sadd myset1 1 2 3 4 5 
(integer) 0
127.0.0.1:6379> smembers myset1
1) "1"
2) "2"
3) "3"
4) "4"
5) "5"
127.0.0.1:6379> sadd myset1 6
(integer) 1
127.0.0.1:6379> sadd myset1 7 8 9
(integer) 3
127.0.0.1:6379>  scard myset1
(integer) 9
127.0.0.1:6379> lrange 0 -1
(error) ERR wrong number of arguments for 'lrange' command
127.0.0.1:6379> 
127.0.0.1:6379>  scard myset1
(integer) 9
127.0.0.1:6379> sadd myset2 2
(integer) 0
127.0.0.1:6379> sadd myset2 3 21
(integer) 1
127.0.0.1:6379> sadd myset2 5 22
(integer) 1
127.0.0.1:6379> sadd myset2 7 11 23
(integer) 2
127.0.0.1:6379> smembers myset2
 1) "1"
 2) "2"
 3) "3"
 4) "5"
 5) "6"
 6) "7"
 7) "8"
 8) "9"
 9) "11"
10) "21"
11) "22"
12) "23"
127.0.0.1:6379> smembers myset1
1) "1"
2) "2"
3) "3"
4) "4"
5) "5"
6) "6"
7) "7"
8) "8"
9) "9"
127.0.0.1:6379> sdiff myset1 myset2
1) "4"
127.0.0.1:6379> 
127.0.0.1:6379> 
127.0.0.1:6379> 
127.0.0.1:6379> sdiff myset2 myset1
1) "11"
2) "21"
3) "22"
4) "23"
127.0.0.1:6379> sunion myset1 myset2
 1) "1"
 2) "2"
 3) "3"
 4) "4"
 5) "5"
 6) "6"
 7) "7"
 8) "8"
 9) "9"
10) "11"
11) "21"
12) "22"
13) "23"
127.0.0.1:6379> smembers myset1
1) "1"
2) "2"
3) "3"
4) "4"
5) "5"
6) "6"
7) "7"
8) "8"
9) "9"
127.0.0.1:6379> sunionstore tempSet myset1 myset2
(integer) 13
127.0.0.1:6379> smembers tempSet
 1) "1"
 2) "2"
 3) "3"
 4) "4"
 5) "5"
 6) "6"
 7) "7"
 8) "8"
 9) "9"
10) "11"
11) "21"
12) "22"
13) "23"
127.0.0.1:6379> smembers myset1
1) "1"
2) "2"
3) "3"
4) "4"
5) "5"
6) "6"
7) "7"
8) "8"
9) "9"
127.0.0.1:6379> smembers myset2
 1) "1"
 2) "2"
 3) "3"
 4) "5"
 5) "6"
 6) "7"
 7) "8"
 8) "9"
 9) "11"
10) "21"
11) "22"
12) "23"
127.0.0.1:6379> srem tempSet 1 2 3
(integer) 3
127.0.0.1:6379> smembers tempSet
 1) "4"
 2) "5"
 3) "6"
 4) "7"
 5) "8"
 6) "9"
 7) "11"
 8) "21"
 9) "22"
10) "23"
127.0.0.1:6379> lpop tempSet
(error) WRONGTYPE Operation against a key holding the wrong kind of value
127.0.0.1:6379> 
127.0.0.1:6379> 
127.0.0.1:6379> 
127.0.0.1:6379> 
127.0.0.1:6379> 
127.0.0.1:6379> 
127.0.0.1:6379> lpop tempSet 1
(error) WRONGTYPE Operation against a key holding the wrong kind of value
127.0.0.1:6379> spop tempSet 1
1) "5"
127.0.0.1:6379> smembers tempSet
1) "4"
2) "6"
3) "7"
4) "8"
5) "9"
6) "11"
7) "21"
8) "22"
9) "23"
127.0.0.1:6379> spop tempSet 2
1) "4"
2) "23"
127.0.0.1:6379> smembers tempSet
1) "6"
2) "7"
3) "8"
4) "9"
5) "11"
6) "21"
7) "22"
127.0.0.1:6379> sinter myset1 myset2
1) "1"
2) "2"
3) "3"
4) "5"
5) "6"
6) "7"
7) "8"
8) "9"
127.0.0.1:6379> srem myset 1 2
(integer) 0
127.0.0.1:6379> 
127.0.0.1:6379> smembers myset1
1) "1"
2) "2"
3) "3"
4) "4"
5) "5"
6) "6"
7) "7"
8) "8"
9) "9"
127.0.0.1:6379> srem myset1 1 2
(integer) 2
127.0.0.1:6379> smembers myset1
1) "3"
2) "4"
3) "5"
4) "6"
5) "7"
6) "8"
7) "9"
127.0.0.1:6379> 
127.0.0.1:6379> 
127.0.0.1:6379> 
127.0.0.1:6379> 
127.0.0.1:6379> 
127.0.0.1:6379> smove myset1 myset2 2
(integer) 0
127.0.0.1:6379> smove myset1 myset2 3
(integer) 1
127.0.0.1:6379> 
127.0.0.1:6379> smembers myset1
1) "4"
2) "5"
3) "6"
4) "7"
5) "8"
6) "9"
127.0.0.1:6379> smembers myset2
 1) "1"
 2) "2"
 3) "3"
 4) "5"
 5) "6"
 6) "7"
 7) "8"
 8) "9"
 9) "11"
10) "21"
11) "22"
12) "23"
127.0.0.1:6379> 

